// Jest Snapshot v1, https://goo.gl/fbAQLP

exports[`next-sitemap/generateRobotsTxt generateRobotsTxt: additionalSitemap 1`] = `
"User-agent: *
Allow: /
User-agent: black-listed-bot
Disallow: /sub-path-1
Disallow: /path-2
Host: https://example.com
Sitemap: https://example.com/my-custom-sitemap-1.xml
Sitemap: https://example.com/my-custom-sitemap-2.xml
Sitemap: https://example.com/my-custom-sitemap-3.xml
"
`;
