// Jest Snapshot v1, https://goo.gl/fbAQLP

exports[`next-sitemap/array toChunks 1`] = `
Array [
  Array [
    0,
    1,
    2,
  ],
  Array [
    3,
    4,
    5,
  ],
  Array [
    6,
    7,
    8,
  ],
  Array [
    9,
    10,
  ],
]
`;
